================================================================================
COMPREHENSIVE PROPERTY TYPE VERIFICATION TEST
================================================================================

🔐 Authenticating with Valcre API...
✅ Authentication successful

📋 Testing 17 property types on Property ID: 25628739

[1/17] Testing "Agriculture"... ✅ PASS (Agriculture)
[2/17] Testing "Building"... ✅ PASS (Building)
[3/17] Testing "Healthcare"... ❌ FAIL
    Expected: "Healthcare", Got: "Building"
[4/17] Testing "Hospitality"... ✅ PASS (Hospitality)
[5/17] Testing "Industrial"... ✅ PASS (Industrial)
[6/17] Testing "Land"... ✅ PASS (Land)
[7/17] Testing "Manufactured Housing"... ✅ PASS (ManufacturedHousing)
[8/17] Testing "Multi-Family"... ✅ PASS (MultiFamily)
[9/17] Testing "Office"... ✅ PASS (Office)
[10/17] Testing "Retail"... ✅ PASS (Retail)
[11/17] Testing "Self-Storage"... ✅ PASS (SelfStorage)
[12/17] Testing "Single-Family"... ✅ PASS (SingleFamily)
[13/17] Testing "Special Purpose"... ✅ PASS (SpecialPurpose)
[14/17] Testing "Unknown"... ✅ PASS (Unknown)
[15/17] Testing "Mixed Use"... ✅ PASS (Building)
[16/17] Testing "Commercial"... ✅ PASS (Building)
[17/17] Testing "Residential"... ✅ PASS (Building)

================================================================================
TEST SUMMARY
================================================================================

✅ Passed: 16/17
❌ Failed: 1/17

❌ FAILED TESTS:
   - Healthcare
     Expected: "Healthcare"
     Got: "Building"

================================================================================
⚠️ SOME TESTS FAILED - Fix required before deployment
================================================================================
